Set(8) {
  -2,
  0,
  0.048699999999996635,
  2,
  2.0010000000000048,
  2.718281828459041,
  3.1415926535897967,
  10
} (computed)
Set(8) {
  -2,
  0,
  0.0487,
  2,
  2.001,
  2.718281828459045,
  3.141592653589793,
  10
} (built-in)
-------
[ok] index 0 : -2 vs -2
[ok] index 1 : 0 vs 0
[ok] index 2 : 0.048699999999996635 vs 0.0487
[ok] index 3 : 2 vs 2
[ok] index 4 : 2.0010000000000048 vs 2.001
[ok] index 5 : 2.718281828459041 vs 2.718281828459045
[ok] index 6 : 3.1415926535897967 vs 3.141592653589793
[ok] index 7 : 10 vs 10
